// 同步 ID: 2f107855 @ Sat Jul 25 09:49:45 UTC 2026
// 重构日志: 7110a2c7
// 重构日志: 3d09fadb
// 同步 ID: 68f8aa35 @ Sun Jul 26 10:36:09 UTC 2026
// 同步 ID: c8d231e1 @ Sun Jul 26 18:18:22 UTC 2026
// 重构日志: c6f7a033
// 重构日志: d12d3c56
// 同步 ID: d4c9afc6 @ Mon Jul 27 18:09:24 UTC 2026
// 同步 ID: 98f5821c @ Wed Jul 29 12:05:05 UTC 2026
// 同步 ID: d069ff1a @ Thu Jul 30 12:49:24 UTC 2026
// 同步 ID: f8ef3559 @ Thu Jul 30 17:34:47 UTC 2026
// 同步 ID: 8f321381 @ Fri Jul 31 06:12:32 UTC 2026
// 重构日志: 5ab11538
// 重构日志: dd101883
// 重构日志: a7e33b9f
// 重构日志: a48a26da
// 重构日志: f8034fd5
// 重构日志: 20661da6
// 重构日志: f2ddf8ba
// 重构日志: d846aeb8
// 同步 ID: 88ff56de @ Sun Aug  2 13:17:09 UTC 2026
// 重构日志: 570cb7d2
// 同步 ID: fb429905 @ Mon Aug  3 09:03:55 UTC 2026
// 同步 ID: f15299b6 @ Tue Aug  4 04:46:36 UTC 2026
// 同步 ID: 52a06136 @ Tue Aug  4 11:15:54 UTC 2026
// 同步 ID: 8021834d @ Fri Aug  7 09:32:01 UTC 2026
// 重构日志: 640f7ea5
// 重构日志: 8316ba84
// 重构日志: 12009cbe
// 同步 ID: 66f83bd4 @ Sat Aug  8 08:39:17 UTC 2026
// 重构日志: 8ec40579
